Using CPython 3.11.9 interpreter at: C:\Users\Robin\AppData\Local\Programs\Python\Python311\python.exe
Removed virtual environment at: .venv
Creating virtual environment at: .venv
Downloading scikit-learn (8.5MiB)
Downloading llvmlite (26.8MiB)
Downloading scipy (36.9MiB)
Downloading black (1.3MiB)
Downloading numpy (15.1MiB)
Downloading pandas (10.8MiB)
Downloading numba (2.5MiB)
Downloading matplotlib (8.9MiB)
Downloading pydantic-core (1.9MiB)
Downloading fonttools (2.2MiB)
Downloading pillow (6.9MiB)
 Downloaded black
 Downloaded pydantic-core
 Downloaded fonttools
 Downloaded numba
 Downloaded pillow
 Downloaded scikit-learn
 Downloaded matplotlib
 Downloaded pandas
 Downloaded numpy
 Downloaded llvmlite
 Downloaded scipy
Installed 76 packages in 921ms
Enter you request, write "!start" to start:
> > [07/16/26 10:13:50] INFO     Starting AutoRecLab...                  main.py:25
                    INFO     Initializing agent...          minimal_agent.py:52
                    INFO     Engineering code              minimal_agent.py:508
                             requirements...                                   
[07/16/26 10:14:06] INFO     Done.                         minimal_agent.py:527
                    INFO     Agent initialized!             minimal_agent.py:64
                    INFO     Initializing agent...           interpreter.py:102
                    INFO     Interpreter initialized!        interpreter.py:112
                    INFO     Starting tree search...               search.py:67
                    INFO     Generating draft node 1/3             search.py:70
[cyan]--------------------------------[/cyan]
[cyan]self.task_desc[/cyan]
[cyan] You are an expert recommender systems research assistant who is looking to help the user with their requests.
The user has some idea and you want to conduct creative experiments to gain scientific insights.
Your aim is to run experiments to gather sufficient results to report back to the user.
The idea is:

I'd like to run an experiment to quantify how much data split random seeds affect recommender system accuracy. Please use LensKit 0.14.4 to test three algorithms: ALS, ItemKNN, and Pop. Run this on the following three datasets with implicit feedback: MovieLens100K, Amazon Video Games, Last.FM. The raw files are stored in your working directory with the filenames u.data, VideoGames.csv, UserTaggedArtists-timestamps.dat. First, preprocess all datasets with 5-core filtering. For the Amazon and MovieLens datasets, please also convert any ratings greater than 3 to implicit interactions. Here's the main experimental procedure: Generate 5 different random seeds for data splitting. For each algorithm, dataset, and seed, please do a user-based 80/20 holdout split. Train all models using standard hyperparameters. For the analysis, I need you to measure nDCG@k and Precision@k for k=1, 5, 10 and conduct a short statistical analysis. Please use batch recommendation for all users at once instead of per-user loops for efficiency.[/cyan]
[cyan]--------------------------------[/cyan]
MinimalAgent: Getting plan and code
MinimalAgent: Draft complete
[07/16/26 10:14:37] INFO     Node identified as buggy:     minimal_agent.py:571
                             Execution failed before any                       
                             experiments ran. The crash                        
                             occurs in load_amazon at                          
                             `df[df['rating'] > 3]`                            
                             because the Amazon rating                         
                             column was read as                                
                             strings/object dtype, so                          
                             pandas cannot compare string                      
                             values to the integer 3                           
                             (`TypeError: '>' not                              
                             supported between instances                       
                             of 'str' and 'int'`). As a                        
                             result, no datasets were                          
                             fully loaded and none of the                      
                             required metrics, summaries,                      
                             or plots were produced.                           
                                                                               
                             Fix: explicitly parse the                         
                             Amazon file with correct                          
                             columns and coerce the rating                     
                             column to numeric before                          
                             filtering, e.g. `df =                             
                             pd.read_csv(path,                                 
                             header=None,                                      
                             names=['user','item','rating'                     
                             , ...])` or select the proper                     
                             rating column, then                               
                             `df['rating'] =                                   
                             pd.to_numeric(df['rating'],                       
                             errors='coerce')` and drop                        
                             NaNs before `df =                                 
                             df[df['rating'] >                                 
                             3][['user','item']]`. If the                      
                             CSV has a header, read it                         
                             with `header=0` instead of                        
                             `None`. It would also be wise                     
                             to validate schema/dtypes for                     
                             all inputs. Additional likely                     
                             issue after fixing this:                          
                             LensKit 0.14.4 typically                          
                             expects a                                         
                             ratings/interactions frame                        
                             with at least `user`, `item`,                     
                             and often a `rating` column                       
                             for some algorithms; since                        
                             k-core filtering drops                            
                             everything except user/item,                      
                             add an implicit rating column                     
                             such as `train['rating'] =                        
                             1.0` and `test['rating'] =                        
                             1.0` if required by the                           
                             algorithms/evaluator.                             
                    INFO     Generating draft node 2/3             search.py:70
[cyan]--------------------------------[/cyan]
[cyan]self.task_desc[/cyan]
[cyan] You are an expert recommender systems research assistant who is looking to help the user with their requests.
The user has some idea and you want to conduct creative experiments to gain scientific insights.
Your aim is to run experiments to gather sufficient results to report back to the user.
The idea is:

I'd like to run an experiment to quantify how much data split random seeds affect recommender system accuracy. Please use LensKit 0.14.4 to test three algorithms: ALS, ItemKNN, and Pop. Run this on the following three datasets with implicit feedback: MovieLens100K, Amazon Video Games, Last.FM. The raw files are stored in your working directory with the filenames u.data, VideoGames.csv, UserTaggedArtists-timestamps.dat. First, preprocess all datasets with 5-core filtering. For the Amazon and MovieLens datasets, please also convert any ratings greater than 3 to implicit interactions. Here's the main experimental procedure: Generate 5 different random seeds for data splitting. For each algorithm, dataset, and seed, please do a user-based 80/20 holdout split. Train all models using standard hyperparameters. For the analysis, I need you to measure nDCG@k and Precision@k for k=1, 5, 10 and conduct a short statistical analysis. Please use batch recommendation for all users at once instead of per-user loops for efficiency.[/cyan]
[cyan]--------------------------------[/cyan]
MinimalAgent: Getting plan and code
MinimalAgent: Draft complete
[07/16/26 10:41:51] INFO     Node identified as buggy:     minimal_agent.py:571
                             Execution failed before                           
                             completion. The crash occurs                      
                             at `summary =                                     
                             results.groupby(['dataset',                       
                             'algorithm']).agg(['mean',                        
                             'std'])`, raising `TypeError:                     
                             agg function failed                               
                             [how->mean,dtype->object]`.                       
                             This happens because                              
                             `results` contains                                
                             non-numeric columns such as                       
                             `timestamp`, and Pandas                           
                             cannot compute mean/std on                        
                             object dtype columns. As a                        
                             result, the statistical                           
                             summary, t-tests/plots/saved                      
                             outputs after that point were                     
                             not fully produced, so the                        
                             experiment is incomplete.                         
                                                                               
                             Fix: aggregate only metric                        
                             columns, e.g.:                                    
                             ```python                                         
                             metric_cols =                                     
                             [f'Precision@{k}' for k in                        
                             KS] + [f'nDCG@{k}' for k in                       
                             KS]                                               
                             summary =                                         
                             results.groupby(['dataset',                       
                             'algorithm'])[metric_cols].ag                     
                             g(['mean', 'std'])                                
                             ```                                               
                             or use                                            
                             `results.groupby(...).mean(nu                     
                             meric_only=True)` /                               
                             `std(numeric_only=True)`.                         
                                                                               
                             Additional issues to address:                     
                             1. The run output is                              
                             truncated after Amazon                            
                             loading, so verify all 3                          
                             datasets/5 seeds/3 algorithms                     
                             actually completed before                         
                             summary.                                          
                             2. `train`/`val` naming and                       
                             `validation_loss = nan` logs                      
                             are misleading; there is no                       
                             validation loss being                             
                             computed.                                         
                             3. For reproducibility of                         
                             ALS, also set its RNG/seed if                     
                             supported; currently only                         
                             split seeds vary.                                 
                             4. Last.fm file                                   
                             `UserTaggedArtists-timestamps                     
                             .dat` contains tags, so                           
                             duplicate user-item pairs are                     
                             collapsed; ensure this                            
                             matches the intended                              
                             implicit-feedback                                 
                             preprocessing.                                    
                    INFO     Generating draft node 3/3             search.py:70
[cyan]--------------------------------[/cyan]
[cyan]self.task_desc[/cyan]
[cyan] You are an expert recommender systems research assistant who is looking to help the user with their requests.
The user has some idea and you want to conduct creative experiments to gain scientific insights.
Your aim is to run experiments to gather sufficient results to report back to the user.
The idea is:

I'd like to run an experiment to quantify how much data split random seeds affect recommender system accuracy. Please use LensKit 0.14.4 to test three algorithms: ALS, ItemKNN, and Pop. Run this on the following three datasets with implicit feedback: MovieLens100K, Amazon Video Games, Last.FM. The raw files are stored in your working directory with the filenames u.data, VideoGames.csv, UserTaggedArtists-timestamps.dat. First, preprocess all datasets with 5-core filtering. For the Amazon and MovieLens datasets, please also convert any ratings greater than 3 to implicit interactions. Here's the main experimental procedure: Generate 5 different random seeds for data splitting. For each algorithm, dataset, and seed, please do a user-based 80/20 holdout split. Train all models using standard hyperparameters. For the analysis, I need you to measure nDCG@k and Precision@k for k=1, 5, 10 and conduct a short statistical analysis. Please use batch recommendation for all users at once instead of per-user loops for efficiency.[/cyan]
[cyan]--------------------------------[/cyan]
MinimalAgent: Getting plan and code
MinimalAgent: Draft complete
[07/16/26 10:42:24] INFO     Node identified as buggy:     minimal_agent.py:571
                             Execution failed before any                       
                             experiments ran. The crash                        
                             occurs in load_amazon():                          
                             `df['rating'] > 3` raises                         
                             `TypeError: '>' not supported                     
                             between instances of 'str'                        
                             and 'int'`, which means the                       
                             Amazon CSV rating column was                      
                             read as strings/object dtype.                     
                             Convert the rating column to                      
                             numeric before filtering,                         
                             e.g. `df['rating'] =                              
                             pd.to_numeric(df['rating'],                       
                             errors='coerce')`, drop NaNs,                     
                             then apply `df =                                  
                             df[df['rating'] > 3]`. Also                       
                             consider reading the file                         
                             with explicit column                              
                             names/types                                       
                             (`pd.read_csv(path,                               
                             header=None, names=cols)`),                       
                             and if the file may contain a                     
                             header row, detect/remove it.                     
                             Because the script aborts                         
                             during dataset loading, no                        
                             models were trained, no                           
                             metrics/statistical analysis                      
                             were produced, and no                             
                             required outputs were                             
                             generated.                                        
                    INFO     Treesearch iteration 1/10             search.py:78
[07/16/26 10:43:02] INFO     Node identified as buggy:     minimal_agent.py:571
                             Execution failed with a                           
                             runtime exception during                          
                             batch recommendation, so the                      
                             experiment did not complete                       
                             and required                                      
                             outputs/statistics were not                       
                             produced. The crash occurs in                     
                             LensKit's candidate selector:                     
                             `AttributeError: 'NoneType'                       
                             object has no attribute                           
                             'get_loc'` inside `basic.py`                      
                             when `recommend(algo, users,                      
                             10)` calls                                        
                             `algo.recommend(...)`. This                       
                             typically means the fitted                        
                             recommender is missing                            
                             user-index state expected by                      
                             the default candidate                             
                             selector, often because the                       
                             algorithm was used without                        
                             wrapping/configuring a proper                     
                             top-N adapter/candidate                           
                             selector for batch                                
                             recommendation in LensKit                         
                             0.14.4. Fix by constructing                       
                             recommenders with an explicit                     
                             candidate selector, e.g. wrap                     
                             each scorer in                                    
                             `TopN`/`UnratedItemCandidateS                     
                             elector` as appropriate for                       
                             LK 0.14.4, or call batch                          
                             recommendation with explicit                      
                             candidates. Also verify the                       
                             exact class name/API for                          
                             popularity in 0.14.4                              
                             (`Popular` vs `PopScore`) and                     
                             ensure all recommenders                           
                             support `recommend` after                         
                             `fit`. After this fix, rerun                      
                             to generate the metrics,                          
                             CSVs, plots, and statistical                      
                             summaries.                                        
                    INFO     Treesearch iteration 2/10             search.py:78
[07/16/26 11:10:48] INFO     Node execution successful,    minimal_agent.py:620
                             proceeding with detailed                          
                             scoring                                           
NodeScore(score=72, feedback='Overall, the implementation captures the core experiment and runs end-to-end, but it misses several important requirements around exact LensKit defaults/equivalents, tidy result structure, reporting evaluated-user counts, validation/error handling, and robustness of the holdout/evaluation protocol.\n\nRequirement checklist:\n1. Use LensKit 0.14.4 and implement exactly three recommenders: ALS, ItemKNN, and Pop, with standard/default hyperparameters unless LensKit requires explicit equivalents. — PARTIALLY fulfilled / counted NOT fulfilled: exactly three algorithms are implemented, but ALS and ItemKNN use explicit non-default hyperparameters (e.g., features=50, iterations=15, nnbrs=20) rather than standard/defaults or clearly justified equivalents.\n2. Load the three raw input files from the working directory using these exact filenames: u.data (MovieLens100K), VideoGames.csv (Amazon Video Games), and UserTaggedArtists-timestamps.dat (Last.FM). — Fulfilled.\n3. Parse each dataset into a user–item interaction table with consistent user and item ID columns; preserve only the information needed for implicit-feedback recommendation. — Fulfilled.\n4. Apply 5-core filtering separately to each dataset so that every retained user and every retained item has at least 5 interactions after filtering converges. — Fulfilled.\n5. For MovieLens100K and Amazon Video Games, convert ratings to implicit interactions by keeping only events with rating > 3 and discarding lower ratings before or during the 5-core preprocessing; treat retained events as binary interactions. — Fulfilled.\n6. For Last.FM, treat observed user–artist/tag events as implicit interactions and deduplicate repeated user–item events so evaluation uses binary relevance. — Fulfilled.\n7. Generate exactly 5 distinct random seeds for splitting and use the same seed set across all datasets and algorithms. — Fulfilled.\n8. For every dataset and seed, perform a user-based 80/20 holdout split so each user contributes interactions to both train and test when possible; ensure the split is reproducible from the seed. — Fulfilled.\n9. Exclude from evaluation any users who cannot support the holdout protocol after preprocessing/splitting (e.g., too few interactions), and report the number of evaluated users per dataset/seed. — NOT fulfilled: users are effectively all kept after 5-core, but there is no explicit exclusion logic/reporting of evaluation-user counts in results.\n10. Train each algorithm separately on each dataset/seed training split using implicit-feedback data in the format expected by LensKit 0.14.4. — Fulfilled.\n11. Generate recommendations in batch for all evaluation users at once; do not use per-user recommendation loops. — Fulfilled.\n12. When scoring, filter out items already seen in each user’s training data so only novel recommendations are evaluated. — Fulfilled.\n13. Compute Precision@1, Precision@5, Precision@10 and nDCG@1, nDCG@5, nDCG@10 for every dataset × algorithm × seed combination using the held-out test interactions as ground truth. — Fulfilled.\n14. Aggregate metrics correctly across users for each run, then summarize across the 5 seeds with mean and variability (at minimum standard deviation; preferably also confidence intervals). — Fulfilled for mean/std, though no confidence intervals.\n15. Conduct a short statistical analysis quantifying split-seed sensitivity, including within-dataset comparisons of metric variation across seeds for each algorithm and identifying which algorithms/datasets are most seed-sensitive. — PARTIALLY fulfilled / counted NOT fulfilled: CV and t-tests are produced, but the analysis does not clearly identify the most seed-sensitive algorithm/dataset combinations in a concise report and paired t-tests compare algorithms rather than directly quantifying seed sensitivity.\n16. Organize results in a tidy tabular structure containing dataset, algorithm, seed, metric name, k, score, and evaluation-user count so downstream analysis is straightforward. — NOT fulfilled: results are stored wide (one row per run with multiple metric columns) and omit metric name, k, and evaluation-user count.\n17. Include basic validation and error handling for file loading, schema mismatches, empty datasets after filtering, and algorithms failing on sparse splits. — NOT fulfilled: minimal schema heuristics exist for Amazon/LastFM, but no explicit file existence checks, empty-data checks, or robust try/except around training failures.\n18. Ensure the code is executable end-to-end in the working environment and produces both per-seed results and an overall concise analysis/report aligned with the research question. — Fulfilled.\n\nHow to improve:\n- Use LensKit 0.14.4 standard/default algorithm settings, or document the exact required explicit equivalents if defaults are unavailable.\n- Add explicit validation: check file existence, required columns, and whether 5-core filtering leaves non-empty data; fail gracefully with clear messages.\n- Make the holdout protocol explicitly exclude unsupported users if necessary and record evaluation_user_count for every dataset/seed.\n- Reshape outputs into a tidy long table with columns: dataset, algorithm, seed, metric_name, k, score, evaluation_user_count.\n- Wrap model fitting/recommendation in error handling so sparse-split or algorithm failures are captured without crashing the whole experiment.\n- Improve the statistical section to directly summarize seed sensitivity (e.g., per dataset/algorithm mean, std, CV, maybe min/max over seeds, and a short textual identification of the most sensitive cases).', is_satisfactory=False)
[07/16/26 11:10:56] INFO     Treesearch iteration 3/10             search.py:78
[07/16/26 11:11:27] INFO     Node identified as buggy:     minimal_agent.py:571
                             Execution failed before any                       
                             experiments completed. There                      
                             are two concrete bugs in the                      
                             log: (1) ALS construction                         
                             crashes because LensKit                           
                             0.14.4 `ImplicitMF` requires                      
                             the `features` argument, so                       
                             `ImplicitMF()` raises                             
                             `TypeError:                                       
                             ImplicitMF.__init__() missing                     
                             1 required positional                             
                             argument: 'features'`. Fix by                     
                             instantiating it with an                          
                             explicit feature count, e.g.                      
                             `ImplicitMF(features=50)` (or                     
                             another standard value). (2)                      
                             Amazon Video Games failed to                      
                             load because the schema                           
                             detector only accepts                             
                             `item_id` or `asin`, but the                      
                             file has `parent_asin`;                           
                             update the loader to accept                       
                             `parent_asin` as the item                         
                             column. Because of the ALS                        
                             crash, the script terminates                      
                             before evaluating any                             
                             algorithm, producing no valid                     
                             metrics/analysis for the                          
                             requested experiment. After                       
                             fixing those, rerun and also                      
                             verify `ItemItem()` uses                          
                             suitable parameters for                           
                             implicit data in LensKit                          
                             0.14.4.                                           
                    INFO     Treesearch iteration 4/10             search.py:78
[07/16/26 11:11:58] INFO     Node identified as buggy:     minimal_agent.py:571
                             Execution failed before the                       
                             experiment ran. The script                        
                             crashed in load_amazon() with                     
                             `ValueError: Amazon schema                        
                             mismatch` because it only                         
                             accepts item columns named                        
                             `item_id`, `asin`, or                             
                             `productid`, but the actual                       
                             file has `parent_asin`. As a                      
                             result, only MovieLens loaded                     
                             and no splits, training,                          
                             metrics, summaries, or output                     
                             files for the full study were                     
                             produced. Fix: update the                         
                             Amazon column detection to                        
                             also recognize `parent_asin`                      
                             (and optionally `asin`                            
                             variants), e.g. include                           
                             `'parent_asin'` in the                            
                             candidate item-column list.                       
                             It would also be better to                        
                             make the loader more                              
                             schema-robust and catch                           
                             per-dataset loading failures                      
                             so one bad file does not                          
                             abort the whole experiment.                       
                    INFO     Treesearch iteration 5/10             search.py:78
[07/16/26 11:12:24] INFO     Node identified as buggy:     minimal_agent.py:571
                             Execution failed immediately                      
                             with a runtime exception in                       
                             load_amazon: the code only                        
                             accepts Amazon item columns                       
                             named item_id or asin, but                        
                             the actual file has columns                       
                             ['user_id', 'parent_asin',                        
                             'rating', 'timestamp']. As a                      
                             result, dataset loading                           
                             aborts before any experiments                     
                             run, so no metrics or output                      
                             files are produced. Fix by                        
                             updating the Amazon schema                        
                             detection to recognize                            
                             parent_asin as the item                           
                             column, e.g. `icol =                              
                             cols.get('item_id') or                            
                             cols.get('asin') or                               
                             cols.get('parent_asin')`.                         
                             More robustly, support likely                     
                             aliases and/or allow                              
                             positional/manual mapping.                        
                             After that, rerun the script.                     
                             Also note a likely secondary                      
                             issue: LensKit 0.14.4 batch                       
                             recommendation may not return                     
                             enough unseen items if                            
                             exclusion is done only after                      
                             recommending top-K; request                       
                             more candidates or use                            
                             built-in exclusion so                             
                             post-filtering still leaves K                     
                             recommendations.                                  
                    INFO     Treesearch iteration 6/10             search.py:78
[07/16/26 11:12:58] INFO     Node identified as buggy:     minimal_agent.py:571
                             Execution failed immediately                      
                             at the first dataset/seed                         
                             before any models were                            
                             trained or metrics were                           
                             produced. The runtime                             
                             exception is: `TypeError:                         
                             ImplicitMF.__init__() missing                     
                             1 required positional                             
                             argument: 'features'`. In                         
                             LensKit 0.14.4,                                   
                             `lenskit.algorithms.als.Impli                     
                             citMF` requires at least the                      
                             `features` hyperparameter, so                     
                             `ImplicitMF()` is invalid.                        
                             Fix `build_algorithms()` by                       
                             supplying standard                                
                             hyperparameters, e.g.                             
                             `ImplicitMF(features=50)`                         
                             (optionally also set                              
                             `iterations`, `reg`,                              
                             `weight`). Because the crash                      
                             happens before                                    
                             `evaluate_algo`, none of the                      
                             requested outputs (per-seed                       
                             metrics, summaries,                               
                             statistical analysis files)                       
                             were generated. Also note two                     
                             likely follow-up                                  
                             compatibility issues to                           
                             verify after fixing ALS: (1)                      
                             `ItemItem()` in LensKit                           
                             0.14.4 typically expects                          
                             neighborhood parameters such                      
                             as `nnbrs`, and may not be                        
                             valid with no arguments; use                      
                             something like                                    
                             `ItemItem(nnbrs=20)` as a                         
                             standard default. (2) For                         
                             implicit-only data with                           
                             columns `user,item`, some                         
                             LensKit algorithms may expect                     
                             a `rating` column; if fitting                     
                             fails later, add                                  
                             `df['rating']=1.0` after                          
                             implicit conversion. As                           
                             written, the experiment did                       
                             not complete successfully.                        
                    INFO     Treesearch iteration 7/10             search.py:78
[07/16/26 11:13:28] INFO     Node identified as buggy:     minimal_agent.py:571
                             Execution failed before the                       
                             experiment loop completed.                        
                             The crash is a runtime                            
                             ValueError in load_amazon():                      
                             the code only recognizes                          
                             Amazon item columns named                         
                             item_id or asin, but the                          
                             actual file has columns                           
                             ['user_id', 'parent_asin',                        
                             'rating', 'timestamp'].                           
                             Because parent_asin is not                        
                             handled, dataset loading                          
                             aborts and no results/metrics                     
                             are produced for Amazon,                          
                             LastFM, or the full                               
                             cross-seed analysis.                              
                                                                               
                             Fix: extend the Amazon schema                     
                             detection to accept                               
                             parent_asin (and possibly                         
                             other common variants), e.g.:                     
                                                                               
                             cols = {c.lower(): c for c in                     
                             raw.columns}                                      
                             ucol = cols.get('user_id',                        
                             cols.get('userid',                                
                             cols.get('reviewerid')))                          
                             icol = cols.get('item_id',                        
                             cols.get('asin',                                  
                             cols.get('parent_asin')))                         
                             rcol = cols.get('rating',                         
                             cols.get('overall'))                              
                                                                               
                             Optionally make the loader                        
                             more robust by printing                           
                             detected columns or                               
                             supporting explicit column                        
                             mappings. After this fix,                         
                             rerun the script.                                 
                                                                               
                             Additional likely issue to                        
                             verify after fixing the                           
                             schema: LensKit 0.14.4 may                        
                             not expose Popular in                             
                             lenskit.algorithms.basic as                       
                             used here; many setups use                        
                             PopScore instead. If a later                      
                             import or                                         
                             algorithm-construction error                      
                             occurs, replace Popular()                         
                             with the appropriate LensKit                      
                             0.14.4 popularity recommender                     
                             class.                                            
                    INFO     Treesearch iteration 8/10             search.py:78
[07/16/26 11:13:57] INFO     Node identified as buggy:     minimal_agent.py:571
                             Execution failed immediately                      
                             during algorithm                                  
                             construction. In LensKit                          
                             0.14.4, `ImplicitMF` requires                     
                             the `features` argument, so                       
                             `ImplicitMF()` raises                             
                             `TypeError:                                       
                             ImplicitMF.__init__() missing                     
                             1 required positional                             
                             argument: 'features'`. As a                       
                             result, none of the training,                     
                             recommendation, metric                            
                             computation, or output file                       
                             generation completed. Fix by                      
                             instantiating ALS with an                         
                             explicit feature count, e.g.                      
                             `ImplicitMF(50)` or                               
                             `ImplicitMF(features=50)`.                        
                             After that, re-run and verify                     
                             the other algorithms'                             
                             constructors against LensKit                      
                             0.14.4 defaults as well.                          
                    INFO     Treesearch iteration 9/10             search.py:78
[07/16/26 11:14:24] INFO     Node identified as buggy:     minimal_agent.py:571
                             Execution failed before any                       
                             model training/evaluation                         
                             completed. The immediate bug                      
                             is in build_algorithms():                         
                             LensKit 0.14.4 requires                           
                             ImplicitMF to be constructed                      
                             with a mandatory features                         
                             argument, so ImplicitMF()                         
                             raises TypeError: missing 1                       
                             required positional argument:                     
                             'features'. Fix by providing                      
                             a standard latent dimension,                      
                             e.g.                                              
                             Recommender.adapt(ImplicitMF(                     
                             50)) or                                           
                             ImplicitMF(features=50).                          
                             Because of this crash, no                         
                             metrics, summaries, or                            
                             statistical analysis for                          
                             ALS/ItemKNN/Pop were                              
                             produced. Also verify LensKit                     
                             API compatibility for the                         
                             other algorithms in 0.14.4                        
                             (e.g., Popular is usually a                       
                             scorer/predictor and                              
                             batch.recommend expects a                         
                             TopN-capable recommender;                         
                             ItemItem may also need                            
                             explicit parameters and                           
                             implicit-feedback suitability                     
                             checks). After fixing ALS                         
                             construction, rerun and                           
                             confirm all 45 runs complete                      
                             and output files are                              
                             populated.                                        
                    INFO     Treesearch iteration 10/10            search.py:78
[07/16/26 11:14:51] INFO     Node identified as buggy:     minimal_agent.py:571
                             Execution failed before any                       
                             experiments ran. Two concrete                     
                             bugs are visible in the log:                      
                             (1) ALS construction crashes                      
                             because LensKit 0.14.4                            
                             `ImplicitMF` requires the                         
                             `features` argument, so                           
                             `ImplicitMF()` raises                             
                             `TypeError: missing 1                             
                             required positional argument:                     
                             'features'`. Fix by                               
                             instantiating it with a                           
                             standard value, e.g.                              
                             `ImplicitMF(50)` or                               
                             `ImplicitMF(features=50)`.                        
                             (2) Amazon Video Games                            
                             loading failed due to schema                      
                             mismatch: the file has                            
                             `parent_asin` instead of the                      
                             expected `asin`/`item_id`, so                     
                             the dataset was skipped. Fix                      
                             by accepting `parent_asin` as                     
                             the item column in                                
                             `load_amazon`. Because of the                     
                             ALS crash, the script                             
                             terminated at the first split                     
                             loop and produced no                              
                             recommender results, metrics,                     
                             or statistical analysis, so                       
                             the run was not successful.                       
                    WARNING  SAVING 3.....                        search.py:128
                    WARNING  Found no satisfactory node; Using     search.py:98
                             best node instead...                              
                    INFO     Final response:                      search.py:113
                    INFO     Summarizing results...        minimal_agent.py:712
I ran the experiment as specified in LensKit 0.14.4 style code:

- Algorithms: ALS (`ImplicitMF`), ItemKNN (`ItemItem`), Pop (`Popular`)
- Datasets: MovieLens100K, Amazon Video Games, Last.FM
- Preprocessing:
  - all datasets received iterative 5-core filtering
  - MovieLens and Amazon were converted to implicit feedback by keeping only ratings `> 3`
- Splits:
  - 5 random seeds: `1, 7, 21, 42, 84`
  - user-based 80/20 holdout per seed
- Evaluation:
  - batch recommendation for all users at once
  - Precision@1/5/10 and nDCG@1/5/10
  - paired t-tests across seeds for algorithm comparisons within each dataset

A few implementation details matter for interpreting the results:

- The split randomness is only from the holdout seed.
- Recommendations were generated in batch, then training items were filtered from the ranked lists before scoring.
- “Standard hyperparameters” in the code were:
  - ALS: 50 factors, 15 iterations, reg 0.01, weight 40, CG solver
  - ItemKNN: 20 neighbors, min neighbors 1, min similarity `1e-6`, no centering
  - Pop: default popularity model

From the output, I can report the following factual findings.

MovieLens100K after preprocessing had:
- 54,413 interactions
- 938 users
- 1,008 items

For MovieLens100K, the per-seed results shown in the output indicate:

- ALS was consistently best overall on Precision@5/10 and nDCG@5/10.
- Pop was very close to ALS at rank 1 and appears slightly higher on some individual seeds for Precision@1/nDCG@1.
- ItemKNN was much worse than both ALS and Pop across all shown metrics.

Example MovieLens seed variation from the printed runs:
- ALS Precision@10 ranged from about `0.1370` to `0.1413`
- ALS nDCG@10 ranged from about `0.1949` to `0.2116`
- Pop Precision@10 ranged from about `0.1079` to `0.1119`
- ItemKNN Precision@10 ranged from about `0.0324` to `0.0344`

So for MovieLens, seed effects exist, but they are modest relative to the performance gap between algorithms.

The paired t-tests printed for MovieLens show:

- ALS vs ItemKNN: highly significant differences on every metric
- ALS vs Pop:
  - Precision@1 / nDCG@1: not significant (`p = 0.6949627`)
  - Precision@5: significant (`p = 1.473689e-05`)
  - Precision@10: significant (`p = 4.841069e-05`)
  - nDCG@5: significant (`p = 7.103523e-05`)
  - nDCG@10: significant (`p = 5.418771e-05`)
- ItemKNN vs Pop: highly significant differences on all shown MovieLens metrics

That means on MovieLens, random seed variation was not enough to erase the ALS advantage over Pop except at rank 1, where they were statistically indistinguishable across the 5 seeds.

For Last.FM, the t-test section shows the same broad pattern:

- ALS significantly outperformed both ItemKNN and Pop on all reported metrics
- ItemKNN was significantly worse than Pop as well

The printed Last.FM t-tests include very small p-values, for example:
- ALS vs ItemKNN on nDCG@10: `p = 1.536981e-06`
- ALS vs Pop on nDCG@10: `p = 3.499727e-05`
- ItemKNN vs Pop on nDCG@10: `p = 8.988928e-07`

So for Last.FM, seed effects were again smaller than algorithm effects.

For Amazon Video Games, the full per-seed metric lines and summary statistics are not visible in the provided output because the console log is truncated. However, the t-test block had 54 rows total, which corresponds to:
- 3 datasets
- 6 metrics
- 3 pairwise algorithm comparisons

So Amazon was evaluated successfully, but the actual Amazon metric values are not present in the visible output you gave me. I therefore cannot truthfully quote Amazon means, ranges, or significance results from the material shown here.

Overall conclusion on seed sensitivity:

- Across the visible results, changing the random seed for the user-based holdout split does change measured accuracy, but only by a relatively small amount compared with the differences between algorithms.
- ALS was the strongest method on the visible datasets, especially for `k = 5` and `k = 10`.
- Pop was surprisingly competitive on MovieLens at `k = 1`, where it was not statistically different from ALS across seeds.
- ItemKNN was consistently the weakest of the three in the visible results.
- The paired t-tests suggest that most algorithm differences are robust to split seed choice.

One limitation: the output you provided is truncated, so I cannot extract:
- the summary mean/std tables,
- the coefficient-of-variation values,
- or the Amazon Video Games numeric results.

If you want, I can next help you turn this into a short results write-up for a paper/report, but only using the numbers visible here.
